
> crm-temp@0.1.0 build
> next build

▲ Next.js 16.2.2 (Turbopack)
- Environments: .env.local, .env.production, .env

  Creating an optimized production build ...
Turbopack build encountered 1 warnings:
./next.config.ts
Encountered unexpected file in NFT list
A file was traced that indicates that the whole project was traced unintentionally. Somewhere in the import trace below, there are:
- filesystem operations (like path.join, path.resolve or fs.readFile), or
- very dynamic requires (like require('./' + foo)).
To resolve this, you can
- remove them if possible, or
- only use them in development, or
- make sure they are statically scoped to some subfolder: path.join(process.cwd(), 'data', bar), or
- add ignore comments: path.join(/*turbopackIgnore: true*/ process.cwd(), bar)

Import trace:
  App Route:
    ./next.config.ts
    ./src/core/DataAdapterEngine.ts
    ./src/app/api/[...route]/route.ts


✓ Compiled successfully in 8.1s
  Running TypeScript ...
Failed to type check.

./src/app/[[...slug]]/page.tsx:134:7
Type error: Type 'string[]' is not assignable to type 'ApiError[]'.
  Type 'string' has no properties in common with type 'ApiError'.

  [90m132 |[0m       config={minimalConfig [36mas[0m unknown [36mas[0m [33mApp[0m}
  [90m133 |[0m       elementIndex={elementIndex}
[31m[1m>[0m [90m134 |[0m       dataFeedErrors={dataFeedErrors}
  [90m    |[0m       [31m[1m^[0m
  [90m135 |[0m       initialDataFeed={successResults}
  [90m136 |[0m       initialPageId={initialPageId}
  [90m137 |[0m       route={route ?? [36mundefined[0m}
Next.js build worker exited with code: 1 and signal: null
